[    0.000000] Booting Linux on physical CPU 0x0000000000 [0x610f0000]
[    0.000000] Linux version 6.8.0-53-generic (buildd@bos03-arm64-067) (aarch64-linux-gnu-gcc-13 (Ubuntu 13.3.0-6ubuntu2~24.04) 13.3.0, GNU ld (GNU Binutils for Ubuntu) 2.42) #55-Ubuntu SMP PREEMPT_DYNAMIC Fri Jan 17 15:02:14 UTC 2025 (Ubuntu 6.8.0-53.55-generic 6.8.12)
[    0.000000] KASLR enabled
[    0.000000] efi: EFI v2.7 by EDK II
[    0.000000] efi: SMBIOS 3.0=0x13f800000 MEMATTR=0x13e7ed118 ACPI 2.0=0x13c140018 MOKvar=0x13c050000 INITRD=0x13c473718 RNG=0x13c14e698 MEMRESERVE=0x13c473318 
[    0.000000] random: crng init done
[    0.000000] secureboot: Secure boot disabled
[    0.000000] ACPI: Early table checksum verification disabled
[    0.000000] ACPI: RSDP 0x000000013C140018 000024 (v02 BOCHS )
[    0.000000] ACPI: XSDT 0x000000013C14FE98 00006C (v01 BOCHS  BXPC     00000001      01000013)
[    0.000000] ACPI: FACP 0x000000013C14FA98 000114 (v06 BOCHS  BXPC     00000001 BXPC 00000001)
[    0.000000] ACPI: DSDT 0x000000013C147518 0014A2 (v02 BOCHS  BXPC     00000001 BXPC 00000001)
[    0.000000] ACPI: APIC 0x000000013C14FC18 00019C (v04 BOCHS  BXPC     00000001 BXPC 00000001)
[    0.000000] ACPI: PPTT 0x000000013C14D898 000088 (v02 BOCHS  BXPC     00000001 BXPC 00000001)
[    0.000000] ACPI: GTDT 0x000000013C14E818 000068 (v03 BOCHS  BXPC     00000001 BXPC 00000001)
[    0.000000] ACPI: MCFG 0x000000013C14E918 00003C (v01 BOCHS  BXPC     00000001 BXPC 00000001)
[    0.000000] ACPI: SPCR 0x000000013C14FF98 000050 (v02 BOCHS  BXPC     00000001 BXPC 00000001)
[    0.000000] ACPI: DBG2 0x000000013C14E418 000057 (v00 BOCHS  BXPC     00000001 BXPC 00000001)
[    0.000000] ACPI: IORT 0x000000013C14E718 000080 (v03 BOCHS  BXPC     00000001 BXPC 00000001)
[    0.000000] ACPI: BGRT 0x000000013C14E498 000038 (v01 INTEL  EDK2     00000002      01000013)
[    0.000000] ACPI: SPCR: console: pl011,mmio32,0x9000000,9600
[    0.000000] NUMA: Failed to initialise from firmware
[    0.000000] NUMA: Faking a node at [mem 0x0000000040000000-0x000000013fffffff]
[    0.000000] NUMA: NODE_DATA [mem 0x13f64b5c0-0x13f650fff]
[    0.000000] Zone ranges:
[    0.000000]   DMA      [mem 0x0000000040000000-0x00000000ffffffff]
[    0.000000]   DMA32    empty
[    0.000000]   Normal   [mem 0x0000000100000000-0x000000013fffffff]
[    0.000000]   Device   empty
[    0.000000] Movable zone start for each node
[    0.000000] Early memory node ranges
[    0.000000]   node   0: [mem 0x0000000040000000-0x000000013c04ffff]
[    0.000000]   node   0: [mem 0x000000013c050000-0x000000013c05ffff]
[    0.000000]   node   0: [mem 0x000000013c060000-0x000000013c14ffff]
[    0.000000]   node   0: [mem 0x000000013c150000-0x000000013c46ffff]
[    0.000000]   node   0: [mem 0x000000013c470000-0x000000013f74ffff]
[    0.000000]   node   0: [mem 0x000000013f750000-0x000000013f7dffff]
[    0.000000]   node   0: [mem 0x000000013f7e0000-0x000000013f7effff]
[    0.000000]   node   0: [mem 0x000000013f7f0000-0x000000013f90ffff]
[    0.000000]   node   0: [mem 0x000000013f910000-0x000000013fffffff]
[    0.000000] Initmem setup node 0 [mem 0x0000000040000000-0x000000013fffffff]
[    0.000000] cma: Reserved 32 MiB at 0x00000000fe000000 on node -1
[    0.000000] psci: probing for conduit method from ACPI.
[    0.000000] psci: PSCIv1.1 detected in firmware.
[    0.000000] psci: Using standard PSCI v0.2 function IDs
[    0.000000] psci: Trusted OS migration not required
[    0.000000] psci: SMC Calling Convention v1.0
[    0.000000] percpu: Embedded 54 pages/cpu s95784 r8192 d117208 u221184
[    0.000000] pcpu-alloc: s95784 r8192 d117208 u221184 alloc=54*4096
[    0.000000] pcpu-alloc: [0] 0 [0] 1 [0] 2 [0] 3 
[    0.000000] Detected PIPT I-cache on CPU0
[    0.000000] CPU features: detected: Address authentication (IMP DEF algorithm)
[    0.000000] CPU features: detected: Spectre-v4
[    0.000000] alternatives: applying boot alternatives
[    0.000000] Kernel command line: BOOT_IMAGE=/vmlinuz-6.8.0-53-generic root=/dev/mapper/ubuntu--vg-ubuntu--lv ro
[    0.000000] Unknown kernel command line parameters "BOOT_IMAGE=/vmlinuz-6.8.0-53-generic", will be passed to user space.
[    0.000000] Dentry cache hash table entries: 524288 (order: 10, 4194304 bytes, linear)
[    0.000000] Inode-cache hash table entries: 262144 (order: 9, 2097152 bytes, linear)
[    0.000000] Fallback order for Node 0: 0 
[    0.000000] Built 1 zonelists, mobility grouping on.  Total pages: 1032192
[    0.000000] Policy zone: Normal
[    0.000000] mem auto-init: stack:all(zero), heap alloc:on, heap free:off
[    0.000000] software IO TLB: area num 4.
[    0.000000] software IO TLB: mapped [mem 0x00000000fa000000-0x00000000fe000000] (64MB)
[    0.000000] Memory: 3876316K/4194304K available (23104K kernel code, 5190K rwdata, 16008K rodata, 12224K init, 1233K bss, 285220K reserved, 32768K cma-reserved)
[    0.000000] SLUB: HWalign=64, Order=0-3, MinObjects=0, CPUs=4, Nodes=1
[    0.000000] ftrace: allocating 62652 entries in 245 pages
[    0.000000] ftrace: allocated 245 pages with 6 groups
[    0.000000] trace event string verifier disabled
[    0.000000] Dynamic Preempt: voluntary
[    0.000000] rcu: Preemptible hierarchical RCU implementation.
[    0.000000] rcu: 	RCU restricting CPUs from NR_CPUS=512 to nr_cpu_ids=4.
[    0.000000] 	Trampoline variant of Tasks RCU enabled.
[    0.000000] 	Rude variant of Tasks RCU enabled.
[    0.000000] 	Tracing variant of Tasks RCU enabled.
[    0.000000] rcu: RCU calculated value of scheduler-enlistment delay is 100 jiffies.
[    0.000000] rcu: Adjusting geometry for rcu_fanout_leaf=16, nr_cpu_ids=4
[    0.000000] NR_IRQS: 64, nr_irqs: 64, preallocated irqs: 0
[    0.000000] Root IRQ handler: gic_handle_irq
[    0.000000] GICv2m: ACPI overriding V2M MSI_TYPER (base:80, num:64)
[    0.000000] GICv2m: range[mem 0x08020000-0x08020fff], SPI[80:143]
[    0.000000] rcu: srcu_init: Setting srcu_struct sizes based on contention.
[    0.000000] arch_timer: cp15 timer(s) running at 24.00MHz (virt).
[    0.000000] clocksource: arch_sys_counter: mask: 0xffffffffffffff max_cycles: 0x588fe9dc0, max_idle_ns: 440795202592 ns
[    0.000000] sched_clock: 56 bits at 24MHz, resolution 41ns, wraps every 4398046511097ns
[    0.000068] Console: colour dummy device 80x25
[    0.000084] ACPI: Core revision 20230628
[    0.000124] Calibrating delay loop (skipped), value calculated using timer frequency.. 48.00 BogoMIPS (lpj=24000)
[    0.000125] pid_max: default: 32768 minimum: 301
[    0.000142] LSM: initializing lsm=lockdown,capability,landlock,yama,apparmor,integrity
[    0.000148] landlock: Up and running.
[    0.000148] Yama: becoming mindful.
[    0.000177] AppArmor: AppArmor initialized
[    0.000208] Mount-cache hash table entries: 8192 (order: 4, 65536 bytes, linear)
[    0.000221] Mountpoint-cache hash table entries: 8192 (order: 4, 65536 bytes, linear)
[    0.000585] RCU Tasks: Setting shift to 2 and lim to 1 rcu_task_cb_adjust=1 rcu_task_cpu_ids=4.
[    0.000600] RCU Tasks Rude: Setting shift to 2 and lim to 1 rcu_task_cb_adjust=1 rcu_task_cpu_ids=4.
[    0.000610] RCU Tasks Trace: Setting shift to 2 and lim to 1 rcu_task_cb_adjust=1 rcu_task_cpu_ids=4.
[    0.000643] rcu: Hierarchical SRCU implementation.
[    0.000644] rcu: 	Max phase no-delay instances is 400.
[    0.000798] Remapping and enabling EFI services.
[    0.001072] smp: Bringing up secondary CPUs ...
[    0.001308] Detected PIPT I-cache on CPU1
[    0.001490] CPU1: Booted secondary processor 0x0000000001 [0x610f0000]
[    0.001895] Detected PIPT I-cache on CPU2
[    0.002039] CPU2: Booted secondary processor 0x0000000002 [0x610f0000]
[    0.002312] Detected PIPT I-cache on CPU3
[    0.002541] CPU3: Booted secondary processor 0x0000000003 [0x610f0000]
[    0.002688] smp: Brought up 1 node, 4 CPUs
[    0.002689] SMP: Total of 4 processors activated.
[    0.002690] CPU: All CPU(s) started at EL1
[    0.002694] CPU features: detected: ARMv8.4 Translation Table Level
[    0.002695] CPU features: detected: Data cache clean to the PoU not required for I/D coherence
[    0.002696] CPU features: detected: Common not Private translations
[    0.002705] CPU features: detected: CRC32 instructions
[    0.002705] CPU features: detected: Data cache clean to Point of Deep Persistence
[    0.002705] CPU features: detected: Data cache clean to Point of Persistence
[    0.002706] CPU features: detected: Data independent timing control (DIT)
[    0.002706] CPU features: detected: E0PD
[    0.002706] CPU features: detected: Enhanced Privileged Access Never
[    0.002707] CPU features: detected: Generic authentication (IMP DEF algorithm)
[    0.002707] CPU features: detected: RCpc load-acquire (LDAPR)
[    0.002707] CPU features: detected: LSE atomic instructions
[    0.002708] CPU features: detected: Privileged Access Never
[    0.002708] CPU features: detected: RAS Extension Support
[    0.002708] CPU features: detected: Speculation barrier (SB)
[    0.002708] CPU features: detected: TLB range maintenance instructions
[    0.003559] alternatives: applying system-wide alternatives
[    0.005057] devtmpfs: initialized
[    0.005437] setend instruction emulation is not supported on this system
[    0.005580] clocksource: jiffies: mask: 0xffffffff max_cycles: 0xffffffff, max_idle_ns: 1911260446275000 ns
[    0.005597] futex hash table entries: 1024 (order: 4, 65536 bytes, linear)
[    0.005686] pinctrl core: initialized pinctrl subsystem
[    0.005749] SMBIOS 3.0.0 present.
[    0.005751] DMI: QEMU QEMU Virtual Machine, BIOS 0.0.0 02/06/2015
[    0.006309] NET: Registered PF_NETLINK/PF_ROUTE protocol family
[    0.007143] DMA: preallocated 512 KiB GFP_KERNEL pool for atomic allocations
[    0.007167] DMA: preallocated 512 KiB GFP_KERNEL|GFP_DMA pool for atomic allocations
[    0.007222] DMA: preallocated 512 KiB GFP_KERNEL|GFP_DMA32 pool for atomic allocations
[    0.007228] audit: initializing netlink subsys (disabled)
[    0.007335] audit: type=2000 audit(0.007:1): state=initialized audit_enabled=0 res=1
[    0.007392] thermal_sys: Registered thermal governor 'fair_share'
[    0.007393] thermal_sys: Registered thermal governor 'bang_bang'
[    0.007393] thermal_sys: Registered thermal governor 'step_wise'
[    0.007393] thermal_sys: Registered thermal governor 'user_space'
[    0.007393] thermal_sys: Registered thermal governor 'power_allocator'
[    0.007400] cpuidle: using governor ladder
[    0.007402] cpuidle: using governor menu
[    0.007415] hw-breakpoint: found 6 breakpoint and 4 watchpoint registers.
[    0.007848] ASID allocator initialised with 256 entries
[    0.007898] acpiphp: ACPI Hot Plug PCI Controller Driver version: 0.5
[    0.007943] Serial: AMBA PL011 UART driver
[    0.007967] Modules: 2G module region forced by RANDOMIZE_MODULE_REGION_FULL
[    0.007967] Modules: 0 pages in range for non-PLT usage
[    0.007968] Modules: 509792 pages in range for PLT usage
[    0.008616] HugeTLB: registered 1.00 GiB page size, pre-allocated 0 pages
[    0.008617] HugeTLB: 0 KiB vmemmap can be freed for a 1.00 GiB page
[    0.008617] HugeTLB: registered 32.0 MiB page size, pre-allocated 0 pages
[    0.008618] HugeTLB: 0 KiB vmemmap can be freed for a 32.0 MiB page
[    0.008618] HugeTLB: registered 2.00 MiB page size, pre-allocated 0 pages
[    0.008618] HugeTLB: 0 KiB vmemmap can be freed for a 2.00 MiB page
[    0.008619] HugeTLB: registered 64.0 KiB page size, pre-allocated 0 pages
[    0.008619] HugeTLB: 0 KiB vmemmap can be freed for a 64.0 KiB page
[    0.009682] ACPI: Added _OSI(Module Device)
[    0.009683] ACPI: Added _OSI(Processor Device)
[    0.009683] ACPI: Added _OSI(3.0 _SCP Extensions)
[    0.009684] ACPI: Added _OSI(Processor Aggregator Device)
[    0.009899] ACPI: 1 ACPI AML tables successfully acquired and loaded
[    0.009997] ACPI: Interpreter enabled
[    0.009998] ACPI: Using GIC for interrupt routing
[    0.010017] ACPI: MCFG table detected, 1 entries
[    0.010677] ARMH0011:00: ttyAMA0 at MMIO 0x9000000 (irq = 12, base_baud = 0) is a SBSA
[    0.010681] printk: legacy console [ttyAMA0] enabled
[    0.215894] ACPI: PCI: Interrupt link L000 configured for IRQ 35
[    0.217157] ACPI: PCI: Interrupt link L001 configured for IRQ 36
[    0.218170] ACPI: PCI: Interrupt link L002 configured for IRQ 37
[    0.219901] ACPI: PCI: Interrupt link L003 configured for IRQ 38
[    0.221053] ACPI: PCI Root Bridge [PCI0] (domain 0000 [bus 00-ff])
[    0.222242] acpi PNP0A08:00: _OSC: OS supports [ExtendedConfig ASPM ClockPM Segments MSI EDR HPX-Type3]
[    0.224135] acpi PNP0A08:00: _OSC: platform does not support [LTR DPC]
[    0.225596] acpi PNP0A08:00: _OSC: OS now controls [PCIeHotplug SHPCHotplug PME AER PCIeCapability]
[    0.227284] acpi PNP0A08:00: ECAM area [mem 0x4010000000-0x401fffffff] reserved by PNP0C02:00
[    0.228986] acpi PNP0A08:00: ECAM at [mem 0x4010000000-0x401fffffff] for [bus 00-ff]
[    0.230474] ACPI: Remapped I/O 0x000000003eff0000 to [io  0x0000-0xffff window]
[    0.231825] PCI host bridge to bus 0000:00
[    0.232450] pci_bus 0000:00: root bus resource [mem 0x10000000-0x3efeffff window]
[    0.234095] pci_bus 0000:00: root bus resource [io  0x0000-0xffff window]
[    0.235531] pci_bus 0000:00: root bus resource [mem 0x8000000000-0xffffffffff window]
[    0.237521] pci_bus 0000:00: root bus resource [bus 00-ff]
[    0.239061] pci 0000:00:00.0: [1b36:0008] type 00 class 0x060000 conventional PCI endpoint
[    0.241099] pci 0000:00:01.0: [1af4:1000] type 00 class 0x020000 conventional PCI endpoint
[    0.243136] pci 0000:00:01.0: BAR 0 [io  0x0100-0x011f]
[    0.243815] pci 0000:00:01.0: BAR 1 [mem 0x10049000-0x10049fff]
[    0.245122] pci 0000:00:01.0: BAR 4 [mem 0x8000000000-0x8000003fff 64bit pref]
[    0.246713] pci 0000:00:01.0: ROM [mem 0xfffc0000-0xffffffff pref]
[    0.248420] pci 0000:00:02.0: [1af4:1050] type 00 class 0x038000 conventional PCI endpoint
[    0.250575] pci 0000:00:02.0: BAR 1 [mem 0x10048000-0x10048fff]
[    0.252362] pci 0000:00:02.0: BAR 4 [mem 0x8000004000-0x8000007fff 64bit pref]
[    0.254250] pci 0000:00:03.0: [8086:2668] type 00 class 0x040300 conventional PCI endpoint
[    0.255870] pci 0000:00:03.0: BAR 0 [mem 0x10040000-0x10043fff]
[    0.257473] pci 0000:00:04.0: [1033:0194] type 00 class 0x0c0330 PCIe Root Complex Integrated Endpoint
[    0.259526] pci 0000:00:04.0: BAR 0 [mem 0x800001c000-0x800001ffff 64bit]
[    0.261705] pci 0000:00:05.0: [1b36:000d] type 00 class 0x0c0330 PCIe Root Complex Integrated Endpoint
[    0.263949] pci 0000:00:05.0: BAR 0 [mem 0x8000018000-0x800001bfff 64bit]
[    0.265921] pci 0000:00:06.0: [1af4:1001] type 00 class 0x010000 conventional PCI endpoint
[    0.267798] pci 0000:00:06.0: BAR 0 [io  0x0000-0x007f]
[    0.268987] pci 0000:00:06.0: BAR 1 [mem 0x10047000-0x10047fff]
[    0.270256] pci 0000:00:06.0: BAR 4 [mem 0x8000008000-0x800000bfff 64bit pref]
[    0.271879] pci 0000:00:07.0: [1af4:1003] type 00 class 0x078000 conventional PCI endpoint
[    0.273041] pci 0000:00:07.0: BAR 0 [io  0x0080-0x00bf]
[    0.274013] pci 0000:00:07.0: BAR 1 [mem 0x10046000-0x10046fff]
[    0.275227] pci 0000:00:07.0: BAR 4 [mem 0x800000c000-0x800000ffff 64bit pref]
[    0.277126] pci 0000:00:08.0: [1af4:1009] type 00 class 0x000200 conventional PCI endpoint
[    0.278488] pci 0000:00:08.0: BAR 0 [io  0x00e0-0x00ff]
[    0.279218] pci 0000:00:08.0: BAR 1 [mem 0x10045000-0x10045fff]
[    0.280131] pci 0000:00:08.0: BAR 4 [mem 0x8000010000-0x8000013fff 64bit pref]
[    0.281991] pci 0000:00:09.0: [1af4:1005] type 00 class 0x00ff00 conventional PCI endpoint
[    0.283695] pci 0000:00:09.0: BAR 0 [io  0x00c0-0x00df]
[    0.284713] pci 0000:00:09.0: BAR 1 [mem 0x10044000-0x10044fff]
[    0.286095] pci 0000:00:09.0: BAR 4 [mem 0x8000014000-0x8000017fff 64bit pref]
[    0.288558] pci 0000:00:01.0: ROM [mem 0x10000000-0x1003ffff pref]: assigned
[    0.289792] pci 0000:00:01.0: BAR 4 [mem 0x8000000000-0x8000003fff 64bit pref]: assigned
[    0.291366] pci 0000:00:02.0: BAR 4 [mem 0x8000004000-0x8000007fff 64bit pref]: assigned
[    0.292851] pci 0000:00:03.0: BAR 0 [mem 0x10040000-0x10043fff]: assigned
[    0.294476] pci 0000:00:04.0: BAR 0 [mem 0x8000008000-0x800000bfff 64bit]: assigned
[    0.296007] pci 0000:00:05.0: BAR 0 [mem 0x800000c000-0x800000ffff 64bit]: assigned
[    0.297878] pci 0000:00:06.0: BAR 4 [mem 0x8000010000-0x8000013fff 64bit pref]: assigned
[    0.299580] pci 0000:00:07.0: BAR 4 [mem 0x8000014000-0x8000017fff 64bit pref]: assigned
[    0.301062] pci 0000:00:08.0: BAR 4 [mem 0x8000018000-0x800001bfff 64bit pref]: assigned
[    0.302619] pci 0000:00:09.0: BAR 4 [mem 0x800001c000-0x800001ffff 64bit pref]: assigned
[    0.304223] pci 0000:00:01.0: BAR 1 [mem 0x10044000-0x10044fff]: assigned
[    0.305481] pci 0000:00:02.0: BAR 1 [mem 0x10045000-0x10045fff]: assigned
[    0.306827] pci 0000:00:06.0: BAR 1 [mem 0x10046000-0x10046fff]: assigned
[    0.307862] pci 0000:00:07.0: BAR 1 [mem 0x10047000-0x10047fff]: assigned
[    0.309083] pci 0000:00:08.0: BAR 1 [mem 0x10048000-0x10048fff]: assigned
[    0.310440] pci 0000:00:09.0: BAR 1 [mem 0x10049000-0x10049fff]: assigned
[    0.311977] pci 0000:00:06.0: BAR 0 [io  0x1000-0x107f]: assigned
[    0.312784] pci 0000:00:07.0: BAR 0 [io  0x1080-0x10bf]: assigned
[    0.314079] pci 0000:00:01.0: BAR 0 [io  0x10c0-0x10df]: assigned
[    0.315376] pci 0000:00:08.0: BAR 0 [io  0x10e0-0x10ff]: assigned
[    0.316545] pci 0000:00:09.0: BAR 0 [io  0x1100-0x111f]: assigned
[    0.317683] pci_bus 0000:00: resource 4 [mem 0x10000000-0x3efeffff window]
[    0.319211] pci_bus 0000:00: resource 5 [io  0x0000-0xffff window]
[    0.320324] pci_bus 0000:00: resource 6 [mem 0x8000000000-0xffffffffff window]
[    0.322092] iommu: Default domain type: Translated
[    0.322889] iommu: DMA domain TLB invalidation policy: strict mode
[    0.324601] SCSI subsystem initialized
[    0.325597] libata version 3.00 loaded.
[    0.325608] ACPI: bus type USB registered
[    0.326596] usbcore: registered new interface driver usbfs
[    0.327838] usbcore: registered new interface driver hub
[    0.328813] usbcore: registered new device driver usb
[    0.329700] pps_core: LinuxPPS API ver. 1 registered
[    0.330620] pps_core: Software ver. 5.3.6 - Copyright 2005-2007 Rodolfo Giometti <giometti@linux.it>
[    0.332879] PTP clock support registered
[    0.333554] EDAC MC: Ver: 3.0.0
[    0.334302] scmi_core: SCMI protocol bus registered
[    0.335044] efivars: Registered efivars operations
[    0.336176] NetLabel: Initializing
[    0.336662] NetLabel:  domain hash size = 128
[    0.337414] NetLabel:  protocols = UNLABELED CIPSOv4 CALIPSO
[    0.338442] NetLabel:  unlabeled traffic allowed by default
[    0.339371] mctp: management component transport protocol core
[    0.340646] NET: Registered PF_MCTP protocol family
[    0.341592] vgaarb: loaded
[    0.342776] clocksource: Switched to clocksource arch_sys_counter
[    0.343815] VFS: Disk quotas dquot_6.6.0
[    0.344463] VFS: Dquot-cache hash table entries: 512 (order 0, 4096 bytes)
[    0.345266] AppArmor: AppArmor Filesystem Enabled
[    0.346028] pnp: PnP ACPI init
[    0.346356] system 00:00: [mem 0x4010000000-0x401fffffff window] could not be reserved
[    0.347068] pnp: PnP ACPI: found 1 devices
[    0.353605] NET: Registered PF_INET protocol family
[    0.354121] IP idents hash table entries: 65536 (order: 7, 524288 bytes, linear)
[    0.363375] tcp_listen_portaddr_hash hash table entries: 2048 (order: 3, 32768 bytes, linear)
[    0.364192] Table-perturb hash table entries: 65536 (order: 6, 262144 bytes, linear)
[    0.364861] TCP established hash table entries: 32768 (order: 6, 262144 bytes, linear)
[    0.365500] TCP bind hash table entries: 32768 (order: 8, 1048576 bytes, linear)
[    0.366155] TCP: Hash tables configured (established 32768 bind 32768)
[    0.366682] MPTCP token hash table entries: 4096 (order: 4, 98304 bytes, linear)
[    0.367332] UDP hash table entries: 2048 (order: 4, 65536 bytes, linear)
[    0.367894] UDP-Lite hash table entries: 2048 (order: 4, 65536 bytes, linear)
[    0.368476] NET: Registered PF_UNIX/PF_LOCAL protocol family
[    0.369097] NET: Registered PF_XDP protocol family
[    0.369655] pci 0000:00:04.0: enabling device (0000 -> 0002)
[    0.370174] pci 0000:00:05.0: enabling device (0000 -> 0002)
[    0.370761] PCI: CLS 0 bytes, default 64
[    0.371152] Trying to unpack rootfs image as initramfs...
[    0.374085] kvm [1]: HYP mode not available
[    0.374732] Initialise system trusted keyrings
[    0.375313] Key type blacklist registered
[    0.376094] workingset: timestamp_bits=40 max_order=20 bucket_order=0
[    0.376707] zbud: loaded
[    0.377160] squashfs: version 4.0 (2009/01/31) Phillip Lougher
[    0.377889] fuse: init (API version 7.39)
[    0.378423] integrity: Platform Keyring initialized
[    0.378806] integrity: Machine keyring initialized
[    0.384406] Key type asymmetric registered
[    0.384909] Asymmetric key parser 'x509' registered
[    0.385517] Block layer SCSI generic (bsg) driver version 0.4 loaded (major 242)
[    0.386477] io scheduler mq-deadline registered
[    0.388320] shpchp: Standard Hot Plug PCI Controller Driver version: 0.4
[    0.389612] input: Power Button as /devices/LNXSYSTM:00/LNXSYBUS:00/PNP0C0C:00/input/input0
[    0.390374] ACPI: button: Power Button [PWRB]
[    0.392896] ACPI: \_SB_.L001: Enabled at IRQ 36
[    0.393310] virtio-pci 0000:00:01.0: enabling device (0000 -> 0003)
[    0.394475] ACPI: \_SB_.L002: Enabled at IRQ 37
[    0.395537] virtio-pci 0000:00:06.0: enabling device (0005 -> 0007)
[    0.396675] ACPI: \_SB_.L003: Enabled at IRQ 38
[    0.397078] virtio-pci 0000:00:07.0: enabling device (0000 -> 0003)
[    0.398342] ACPI: \_SB_.L000: Enabled at IRQ 35
[    0.398750] virtio-pci 0000:00:08.0: enabling device (0000 -> 0003)
[    0.400128] virtio-pci 0000:00:09.0: enabling device (0005 -> 0007)
[    0.401413] Serial: 8250/16550 driver, 32 ports, IRQ sharing enabled
[    0.407310] msm_serial: driver initialized
[    0.407930] SuperH (H)SCI(F) driver initialized
[    0.418417] loop: module loaded
[    0.418979] virtio_blk virtio2: 4/0/0 default/read/poll queues
[    0.423025] virtio_blk virtio2: [vda] 52428800 512-byte logical blocks (26.8 GB/25.0 GiB)
[    0.424996]  vda: vda1 vda2 vda3
[    0.426348] ACPI: bus type drm_connector registered
[    0.426835] tun: Universal TUN/TAP device driver, 1.6
[    0.428891] PPP generic driver version 2.4.2
[    0.429571] mousedev: PS/2 mouse device common for all mice
[    0.430344] rtc-efi rtc-efi.0: registered as rtc0
[    0.430709] rtc-efi rtc-efi.0: setting system clock to 2025-03-04T22:48:15 UTC (1741128495)
[    0.431219] i2c_dev: i2c /dev entries driver
[    0.431860] device-mapper: core: CONFIG_IMA_DISABLE_HTABLE is disabled. Duplicate IMA measurements will not be recorded in the IMA log.
[    0.432898] device-mapper: uevent: version 1.0.3
[    0.433221] device-mapper: ioctl: 4.48.0-ioctl (2023-03-01) initialised: dm-devel@redhat.com
[    0.434100] ledtrig-cpu: registered to indicate activity on CPUs
[    0.434689] drop_monitor: Initializing network drop monitor service
[    0.435139] NET: Registered PF_INET6 protocol family
[    0.462084] Freeing initrd memory: 74900K
[    0.465950] Segment Routing with IPv6
[    0.466202] In-situ OAM (IOAM) with IPv6
[    0.466440] NET: Registered PF_PACKET protocol family
[    0.466894] Key type dns_resolver registered
[    0.467878] registered taskstats version 1
[    0.468513] Loading compiled-in X.509 certificates
[    0.469232] Loaded X.509 cert 'Build time autogenerated kernel key: 9f092cfa88cb3e09daa3edd6409f18309f62cc35'
[    0.470043] Loaded X.509 cert 'Canonical Ltd. Live Patch Signing: 14df34d1a87cf37625abec039ef2bf521249b969'
[    0.471062] Loaded X.509 cert 'Canonical Ltd. Kernel Module Signing: 88f752e560a1e0737e31163a466ad7b70a850c19'
[    0.471732] blacklist: Loading compiled-in revocation X.509 certificates
[    0.472222] Loaded X.509 cert 'Canonical Ltd. Secure Boot Signing: 61482aa2830d0ab2ad5af10b7250da9033ddcef0'
[    0.472921] Loaded X.509 cert 'Canonical Ltd. Secure Boot Signing (2017): 242ade75ac4a15e50d50c84b0d45ff3eae707a03'
[    0.473597] Loaded X.509 cert 'Canonical Ltd. Secure Boot Signing (ESM 2018): 365188c1d374d6b07c3c8f240f8ef722433d6a8b'
[    0.474313] Loaded X.509 cert 'Canonical Ltd. Secure Boot Signing (2019): c0746fd6c5da3ae827864651ad66ae47fe24b3e8'
[    0.474991] Loaded X.509 cert 'Canonical Ltd. Secure Boot Signing (2021 v1): a8d54bbb3825cfb94fa13c9f8a594a195c107b8d'
[    0.475734] Loaded X.509 cert 'Canonical Ltd. Secure Boot Signing (2021 v2): 4cf046892d6fd3c9a5b03f98d845f90851dc6a8c'
[    0.476553] Loaded X.509 cert 'Canonical Ltd. Secure Boot Signing (2021 v3): 100437bb6de6e469b581e61cd66bce3ef4ed53af'
[    0.477343] Loaded X.509 cert 'Canonical Ltd. Secure Boot Signing (Ubuntu Core 2019): c1d57b8f6b743f23ee41f4f7ee292f06eecadfb9'
[    0.479733] Key type .fscrypt registered
[    0.480033] Key type fscrypt-provisioning registered
[    0.484423] Key type encrypted registered
[    0.484677] AppArmor: AppArmor sha256 policy hashing enabled
[    0.485337] integrity: Loading X.509 certificate: UEFI:db
[    0.485657] integrity: Loaded X.509 cert 'Microsoft Windows Production PCA 2011: a92902398e16c49778cd90f99e4f9ae17c55af53'
[    0.486369] integrity: Loading X.509 certificate: UEFI:db
[    0.486674] integrity: Loaded X.509 cert 'Microsoft Corporation UEFI CA 2011: 13adbf4309bd82709c8cd54f316ed522988a1bd4'
[    0.487597] ima: secureboot mode disabled
[    0.487888] ima: No TPM chip found, activating TPM-bypass!
[    0.488261] Loading compiled-in module X.509 certificates
[    0.488831] Loaded X.509 cert 'Build time autogenerated kernel key: 9f092cfa88cb3e09daa3edd6409f18309f62cc35'
[    0.489362] ima: Allocated hash algorithm: sha256
[    0.489601] ima: No architecture policies found
[    0.489888] evm: Initialising EVM extended attributes:
[    0.490172] evm: security.selinux
[    0.490363] evm: security.SMACK64
[    0.490529] evm: security.SMACK64EXEC
[    0.490704] evm: security.SMACK64TRANSMUTE
[    0.491021] evm: security.SMACK64MMAP
[    0.491206] evm: security.apparmor
[    0.491433] evm: security.ima
[    0.491592] evm: security.capability
[    0.491770] evm: HMAC attrs: 0x1
[    0.494561] clk: Disabling unused clocks
[    0.495894] Freeing unused kernel memory: 12224K
[    0.499705] Checked W+X mappings: passed, no W+X pages found
[    0.500137] Run /init as init process
[    0.500417]   with arguments:
[    0.500418]     /init
[    0.500419]   with environment:
[    0.500419]     HOME=/
[    0.500420]     TERM=linux
[    0.500420]     BOOT_IMAGE=/vmlinuz-6.8.0-53-generic
[    0.554238] [drm] pci: virtio-gpu-pci detected at 0000:00:02.0
[    0.554419] [drm] features: -virgl +edid -resource_blob -host_visible
[    0.554420] [drm] features: -context_init
[    0.555129] [drm] number of scanouts: 1
[    0.555201] [drm] number of cap sets: 0
[    0.555887] xhci_hcd 0000:00:04.0: xHCI Host Controller
[    0.556188] [drm] Initialized virtio_gpu 0.1.0 0 for 0000:00:02.0 on minor 0
[    0.556217] xhci_hcd 0000:00:04.0: new USB bus registered, assigned bus number 1
[    0.556555] xhci_hcd 0000:00:04.0: hcc params 0x00080001 hci version 0x100 quirks 0x0000000000000014
[    0.557023] virtio_net virtio0 enp0s1: renamed from eth0
[    0.557512] xhci_hcd 0000:00:04.0: xHCI Host Controller
[    0.557943] xhci_hcd 0000:00:04.0: new USB bus registered, assigned bus number 2
[    0.558443] xhci_hcd 0000:00:04.0: Host supports USB 3.0 SuperSpeed
[    0.561046] usb usb1: New USB device found, idVendor=1d6b, idProduct=0002, bcdDevice= 6.08
[    0.561905] usb usb1: New USB device strings: Mfr=3, Product=2, SerialNumber=1
[    0.562385] usb usb1: Product: xHCI Host Controller
[    0.562705] usb usb1: Manufacturer: Linux 6.8.0-53-generic xhci-hcd
[    0.563115] usb usb1: SerialNumber: 0000:00:04.0
[    0.563732] hub 1-0:1.0: USB hub found
[    0.564287] hub 1-0:1.0: 4 ports detected
[    0.564657] fbcon: Deferring console take-over
[    0.565079] virtio-pci 0000:00:02.0: [drm] fb0: virtio_gpudrmfb frame buffer device
[    0.567054] usb usb2: We don't know the algorithms for LPM for this host, disabling LPM.
[    0.567264] usb usb2: New USB device found, idVendor=1d6b, idProduct=0003, bcdDevice= 6.08
[    0.567499] usb usb2: New USB device strings: Mfr=3, Product=2, SerialNumber=1
[    0.567972] usb usb2: Product: xHCI Host Controller
[    0.568110] usb usb2: Manufacturer: Linux 6.8.0-53-generic xhci-hcd
[    0.568224] usb usb2: SerialNumber: 0000:00:04.0
[    0.571468] hub 2-0:1.0: USB hub found
[    0.572208] hub 2-0:1.0: 4 ports detected
[    0.575384] xhci_hcd 0000:00:05.0: xHCI Host Controller
[    0.575634] xhci_hcd 0000:00:05.0: new USB bus registered, assigned bus number 3
[    0.576232] xhci_hcd 0000:00:05.0: hcc params 0x00087001 hci version 0x100 quirks 0x0000000000000010
[    0.576891] xhci_hcd 0000:00:05.0: xHCI Host Controller
[    0.577365] xhci_hcd 0000:00:05.0: new USB bus registered, assigned bus number 4
[    0.577620] xhci_hcd 0000:00:05.0: Host supports USB 3.0 SuperSpeed
[    0.577917] usb usb3: New USB device found, idVendor=1d6b, idProduct=0002, bcdDevice= 6.08
[    0.578470] usb usb3: New USB device strings: Mfr=3, Product=2, SerialNumber=1
[    0.578919] usb usb3: Product: xHCI Host Controller
[    0.579195] usb usb3: Manufacturer: Linux 6.8.0-53-generic xhci-hcd
[    0.579548] usb usb3: SerialNumber: 0000:00:05.0
[    0.579904] hub 3-0:1.0: USB hub found
[    0.580125] hub 3-0:1.0: 4 ports detected
[    0.580446] usb usb4: We don't know the algorithms for LPM for this host, disabling LPM.
[    0.581091] usb usb4: New USB device found, idVendor=1d6b, idProduct=0003, bcdDevice= 6.08
[    0.581590] usb usb4: New USB device strings: Mfr=3, Product=2, SerialNumber=1
[    0.582071] usb usb4: Product: xHCI Host Controller
[    0.582386] usb usb4: Manufacturer: Linux 6.8.0-53-generic xhci-hcd
[    0.582728] usb usb4: SerialNumber: 0000:00:05.0
[    0.583175] hub 4-0:1.0: USB hub found
[    0.583417] hub 4-0:1.0: 4 ports detected
[    0.672855] raid6: neonx8   gen() 38704 MB/s
[    0.689830] raid6: neonx4   gen() 38720 MB/s
[    0.706888] raid6: neonx2   gen() 38737 MB/s
[    0.723851] raid6: neonx1   gen() 38768 MB/s
[    0.740819] raid6: int64x8  gen() 17805 MB/s
[    0.757823] raid6: int64x4  gen() 16848 MB/s
[    0.774861] raid6: int64x2  gen() 14286 MB/s
[    0.791861] raid6: int64x1  gen() 12246 MB/s
[    0.792733] raid6: using algorithm neonx1 gen() 38768 MB/s
[    0.806839] usb 1-1: new high-speed USB device number 2 using xhci_hcd
[    0.810814] raid6: .... xor() 25335 MB/s, rmw enabled
[    0.811402] raid6: using neon recovery algorithm
[    0.813809] xor: measuring software checksum speed
[    0.814696]    8regs           : 52494 MB/sec
[    0.815715]    32regs          : 45489 MB/sec
[    0.816686]    arm64_neon      : 59607 MB/sec
[    0.817643] xor: using function: arm64_neon (59607 MB/sec)
[    0.819628] async_tx: api initialized (async)
[    0.857223] Btrfs loaded, zoned=yes, fsverity=yes
[    0.890229] EXT4-fs (dm-0): mounted filesystem 2f3c32d3-884e-480b-864c-89e7b43ada7a ro with ordered data mode. Quota mode: none.
[    0.937405] usb 1-1: New USB device found, idVendor=0627, idProduct=0001, bcdDevice= 0.00
[    0.938534] usb 1-1: New USB device strings: Mfr=1, Product=3, SerialNumber=10
[    0.939607] usb 1-1: Product: QEMU USB Tablet
[    0.940128] usb 1-1: Manufacturer: QEMU
[    0.940606] usb 1-1: SerialNumber: 28754-0000:00:04.0-1
[    0.987967] systemd[1]: Inserted module 'autofs4'
[    1.002480] systemd[1]: systemd 255.4-1ubuntu8.5 running in system mode (+PAM +AUDIT +SELINUX +APPARMOR +IMA +SMACK +SECCOMP +GCRYPT -GNUTLS +OPENSSL +ACL +BLKID +CURL +ELFUTILS +FIDO2 +IDN2 -IDN +IPTC +KMOD +LIBCRYPTSETUP +LIBFDISK +PCRE2 -PWQUALITY +P11KIT +QRENCODE +TPM2 +BZIP2 +LZ4 +XZ +ZLIB +ZSTD -BPF_FRAMEWORK -XKBCOMMON +UTMP +SYSVINIT default-hierarchy=unified)
[    1.006363] systemd[1]: Detected virtualization qemu.
[    1.007028] systemd[1]: Detected architecture arm64.
[    1.010159] systemd[1]: Hostname set to <ubuntu>.
[    1.057994] usb 1-2: new high-speed USB device number 3 using xhci_hcd
[    1.138955] systemd[1]: Queued start job for default target graphical.target.
[    1.150636] systemd[1]: Created slice system-modprobe.slice - Slice /system/modprobe.
[    1.152337] systemd[1]: Created slice system-serial\x2dgetty.slice - Slice /system/serial-getty.
[    1.154336] systemd[1]: Created slice system-systemd\x2dfsck.slice - Slice /system/systemd-fsck.
[    1.156399] systemd[1]: Created slice user.slice - User and Session Slice.
[    1.157486] systemd[1]: Started systemd-ask-password-wall.path - Forward Password Requests to Wall Directory Watch.
[    1.159150] systemd[1]: Set up automount proc-sys-fs-binfmt_misc.automount - Arbitrary Executable File Formats File System Automount Point.
[    1.160873] systemd[1]: Expecting device dev-disk-by\x2duuid-523fdaeb\x2dd109\x2d499c\x2d9cb6\x2d7b7a84ac2693.device - /dev/disk/by-uuid/523fdaeb-d109-499c-9cb6-7b7a84ac2693...
[    1.162606] systemd[1]: Expecting device dev-disk-by\x2duuid-7FC0\x2d80BE.device - /dev/disk/by-uuid/7FC0-80BE...
[    1.164193] systemd[1]: Expecting device dev-ttyAMA0.device - /dev/ttyAMA0...
[    1.165437] systemd[1]: Reached target integritysetup.target - Local Integrity Protected Volumes.
[    1.166859] systemd[1]: Reached target slices.target - Slice Units.
[    1.167756] systemd[1]: Reached target snapd.mounts-pre.target - Mounting snaps.
[    1.169012] systemd[1]: Reached target veritysetup.target - Local Verity Protected Volumes.
[    1.170318] systemd[1]: Listening on dm-event.socket - Device-mapper event daemon FIFOs.
[    1.171685] systemd[1]: Listening on lvm2-lvmpolld.socket - LVM2 poll daemon socket.
[    1.172882] systemd[1]: Listening on multipathd.socket - multipathd control socket.
[    1.174554] systemd[1]: Listening on syslog.socket - Syslog Socket.
[    1.175590] systemd[1]: Listening on systemd-fsckd.socket - fsck to fsckd communication Socket.
[    1.177046] systemd[1]: Listening on systemd-initctl.socket - initctl Compatibility Named Pipe.
[    1.178440] systemd[1]: Listening on systemd-journald-dev-log.socket - Journal Socket (/dev/log).
[    1.179794] systemd[1]: Listening on systemd-journald.socket - Journal Socket.
[    1.180919] systemd[1]: Listening on systemd-networkd.socket - Network Service Netlink Socket.
[    1.182175] systemd[1]: Listening on systemd-oomd.socket - Userspace Out-Of-Memory (OOM) Killer Socket.
[    1.183528] systemd[1]: systemd-pcrextend.socket - TPM2 PCR Extension (Varlink) was skipped because of an unmet condition check (ConditionSecurity=measured-uki).
[    1.184832] systemd[1]: Listening on systemd-udevd-control.socket - udev Control Socket.
[    1.186015] systemd[1]: Listening on systemd-udevd-kernel.socket - udev Kernel Socket.
[    1.189106] usb 1-2: New USB device found, idVendor=0627, idProduct=0001, bcdDevice= 0.00
[    1.190746] usb 1-2: New USB device strings: Mfr=1, Product=2, SerialNumber=9
[    1.190747] usb 1-2: Product: QEMU USB Mouse
[    1.190748] usb 1-2: Manufacturer: QEMU
[    1.190748] usb 1-2: SerialNumber: 89126-0000:00:04.0-2
[    1.195865] systemd[1]: Mounting dev-hugepages.mount - Huge Pages File System...
[    1.197956] systemd[1]: Mounting dev-mqueue.mount - POSIX Message Queue File System...
[    1.199936] systemd[1]: Mounting sys-kernel-debug.mount - Kernel Debug File System...
[    1.201952] systemd[1]: Mounting sys-kernel-tracing.mount - Kernel Trace File System...
[    1.205996] systemd[1]: Starting systemd-journald.service - Journal Service...
[    1.210497] systemd[1]: Starting keyboard-setup.service - Set the console keyboard layout...
[    1.214590] systemd[1]: Starting kmod-static-nodes.service - Create List of Static Device Nodes...
[    1.217863] systemd[1]: Starting lvm2-monitor.service - Monitoring of LVM2 mirrors, snapshots etc. using dmeventd or progress polling...
[    1.222001] systemd-journald[329]: Collecting audit messages is disabled.
[    1.222375] systemd[1]: Starting modprobe@configfs.service - Load Kernel Module configfs...
[    1.229662] systemd[1]: Starting modprobe@dm_mod.service - Load Kernel Module dm_mod...
[    1.233017] systemd[1]: Starting modprobe@drm.service - Load Kernel Module drm...
[    1.236414] systemd[1]: Starting modprobe@efi_pstore.service - Load Kernel Module efi_pstore...
[    1.240945] pstore: Using crash dump compression: deflate
[    1.241233] systemd[1]: Starting modprobe@fuse.service - Load Kernel Module fuse...
[    1.247119] systemd[1]: Starting modprobe@loop.service - Load Kernel Module loop...
[    1.248528] pstore: Registered efi_pstore as persistent store backend
[    1.252357] systemd[1]: netplan-ovs-cleanup.service - OpenVSwitch configuration for cleanup was skipped because of an unmet condition check (ConditionFileIsExecutable=/usr/bin/ovs-vsctl).
[    1.254981] systemd[1]: systemd-fsck-root.service - File System Check on Root Device was skipped because of an unmet condition check (ConditionPathExists=!/run/initramfs/fsck-root).
[    1.258684] systemd[1]: Starting systemd-modules-load.service - Load Kernel Modules...
[    1.261740] systemd[1]: systemd-pcrmachine.service - TPM2 PCR Machine ID Measurement was skipped because of an unmet condition check (ConditionSecurity=measured-uki).
[    1.265861] systemd[1]: Starting systemd-remount-fs.service - Remount Root and Kernel File Systems...
[    1.270011] systemd[1]: systemd-tpm2-setup-early.service - TPM2 SRK Setup (Early) was skipped because of an unmet condition check (ConditionSecurity=measured-uki).
[    1.274391] systemd[1]: Starting systemd-udev-trigger.service - Coldplug All udev Devices...
[    1.278724] systemd[1]: Started systemd-journald.service - Journal Service.
[    1.279400] EXT4-fs (dm-0): re-mounted 2f3c32d3-884e-480b-864c-89e7b43ada7a r/w. Quota mode: none.
[    1.283674] bridge: filtering via arp/ip/ip6tables is no longer available by default. Update your scripts to load br_netfilter if you need this.
[    1.291088] Bridge firewalling registered
[    1.310814] usb 1-3: new high-speed USB device number 4 using xhci_hcd
[    1.331983] Adding 2248700k swap on /swap.img.  Priority:-2 extents:2 across:2387964k 
[    1.346947] systemd-journald[329]: Received client request to flush runtime journal.
[    1.356342] systemd-journald[329]: /var/log/journal/7b6d7482852546d58b36c74c90053630/system.journal: Journal file uses a different sequence number ID, rotating.
[    1.359898] systemd-journald[329]: Rotating system journal.
[    1.432865] loop0: detected capacity change from 0 to 8
[    1.436086] loop1: detected capacity change from 0 to 140992
[    1.439348] loop2: detected capacity change from 0 to 228608
[    1.442038] loop3: detected capacity change from 0 to 481176
[    1.443018] usb 1-3: New USB device found, idVendor=0627, idProduct=0001, bcdDevice= 0.00
[    1.443020] usb 1-3: New USB device strings: Mfr=1, Product=4, SerialNumber=11
[    1.443021] usb 1-3: Product: QEMU USB Keyboard
[    1.443022] usb 1-3: Manufacturer: QEMU
[    1.443022] usb 1-3: SerialNumber: 68284-0000:00:04.0-3
[    1.448065] loop4: detected capacity change from 0 to 1010608
[    1.453571] loop5: detected capacity change from 0 to 187776
[    1.456584] loop6: detected capacity change from 0 to 79232
[    1.459626] loop7: detected capacity change from 0 to 417280
[    1.559504] usb 1-4: new full-speed USB device number 5 using xhci_hcd
[    1.668395] EXT4-fs (vda2): mounted filesystem 523fdaeb-d109-499c-9cb6-7b7a84ac2693 r/w with ordered data mode. Quota mode: none.
[    1.689092] usb 1-4: New USB device found, idVendor=0409, idProduct=55aa, bcdDevice= 1.01
[    1.689098] usb 1-4: New USB device strings: Mfr=1, Product=2, SerialNumber=3
[    1.689099] usb 1-4: Product: QEMU USB Hub
[    1.689100] usb 1-4: Manufacturer: QEMU
[    1.689100] usb 1-4: SerialNumber: 314159-0000:00:04.0-4
[    1.728336] hub 1-4:1.0: USB hub found
[    1.728449] hub 1-4:1.0: 8 ports detected
[    1.730149] 9pnet: Installing 9P2000 support
[    1.775149] hid: raw HID events driver (C) Jiri Kosina
[    1.782227] usbcore: registered new interface driver usbhid
[    1.782229] usbhid: USB HID core driver
[    1.799444] input: QEMU QEMU USB Tablet as /devices/pci0000:00/0000:00:04.0/usb1/1-1/1-1:1.0/0003:0627:0001.0001/input/input1
[    1.799753] hid-generic 0003:0627:0001.0001: input,hidraw0: USB HID v0.01 Mouse [QEMU QEMU USB Tablet] on usb-0000:00:04.0-1/input0
[    1.800483] input: QEMU QEMU USB Mouse as /devices/pci0000:00/0000:00:04.0/usb1/1-2/1-2:1.0/0003:0627:0001.0002/input/input2
[    1.801811] hid-generic 0003:0627:0001.0002: input,hidraw1: USB HID v0.01 Mouse [QEMU QEMU USB Mouse] on usb-0000:00:04.0-2/input0
[    1.802019] input: QEMU QEMU USB Keyboard as /devices/pci0000:00/0000:00:04.0/usb1/1-3/1-3:1.0/0003:0627:0001.0003/input/input3
[    1.808895] snd_hda_intel 0000:00:03.0: enabling device (0000 -> 0002)
[    1.809001] snd_hda_intel 0000:00:03.0: Force to snoop mode by module option
[    1.819001] snd_hda_codec_generic hdaudioC0D0: autoconfig for Generic: line_outs=1 (0x3/0x0/0x0/0x0/0x0) type:line
[    1.819051] snd_hda_codec_generic hdaudioC0D0:    speaker_outs=0 (0x0/0x0/0x0/0x0/0x0)
[    1.819052] snd_hda_codec_generic hdaudioC0D0:    hp_outs=0 (0x0/0x0/0x0/0x0/0x0)
[    1.819053] snd_hda_codec_generic hdaudioC0D0:    mono: mono_out=0x0
[    1.819053] snd_hda_codec_generic hdaudioC0D0:    inputs:
[    1.819054] snd_hda_codec_generic hdaudioC0D0:      Line=0x5
[    1.856031] hid-generic 0003:0627:0001.0003: input,hidraw2: USB HID v1.11 Keyboard [QEMU QEMU USB Keyboard] on usb-0000:00:04.0-3/input0
[    2.009471] usb 1-4.1: new full-speed USB device number 6 using xhci_hcd
[    2.094715] usb 1-4.1: not running at top speed; connect to a high speed hub
[    2.095483] usb 1-4.1: New USB device found, idVendor=46f4, idProduct=0001, bcdDevice= 0.00
[    2.095485] usb 1-4.1: New USB device strings: Mfr=1, Product=2, SerialNumber=3
[    2.095486] usb 1-4.1: Product: QEMU USB HARDDRIVE
[    2.095486] usb 1-4.1: Manufacturer: QEMU
[    2.095487] usb 1-4.1: SerialNumber: 1-0000:00:04.0-4.1
[    2.102231] usb-storage 1-4.1:1.0: USB Mass Storage device detected
[    2.102918] scsi host0: usb-storage 1-4.1:1.0
[    2.103736] usbcore: registered new interface driver usb-storage
[    2.105595] usbcore: registered new interface driver uas
[    2.331887] audit: type=1400 audit(1741128497.400:2): apparmor="STATUS" operation="profile_load" profile="unconfined" name="1password" pid=617 comm="apparmor_parser"
[    2.332018] audit: type=1400 audit(1741128497.401:3): apparmor="STATUS" operation="profile_load" profile="unconfined" name=4D6F6E676F444220436F6D70617373 pid=619 comm="apparmor_parser"
[    2.332148] audit: type=1400 audit(1741128497.401:4): apparmor="STATUS" operation="profile_load" profile="unconfined" name="QtWebEngineProcess" pid=620 comm="apparmor_parser"
[    2.332237] audit: type=1400 audit(1741128497.401:5): apparmor="STATUS" operation="profile_load" profile="unconfined" name="Discord" pid=618 comm="apparmor_parser"
[    2.333240] audit: type=1400 audit(1741128497.402:6): apparmor="STATUS" operation="profile_load" profile="unconfined" name="balena-etcher" pid=621 comm="apparmor_parser"
[    2.333384] audit: type=1400 audit(1741128497.402:7): apparmor="STATUS" operation="profile_load" profile="unconfined" name="busybox" pid=624 comm="apparmor_parser"
[    2.333445] audit: type=1400 audit(1741128497.402:8): apparmor="STATUS" operation="profile_load" profile="unconfined" name="brave" pid=622 comm="apparmor_parser"
[    2.333625] audit: type=1400 audit(1741128497.402:9): apparmor="STATUS" operation="profile_load" profile="unconfined" name="buildah" pid=623 comm="apparmor_parser"
[    2.334756] audit: type=1400 audit(1741128497.403:10): apparmor="STATUS" operation="profile_load" profile="unconfined" name="ch-run" pid=627 comm="apparmor_parser"
[    2.398324] cfg80211: Loading compiled-in X.509 certificates for regulatory database
[    2.400873] Loaded X.509 cert 'sforshee: 00b28ddf47aef9cea7'
[    2.400948] Loaded X.509 cert 'wens: 61c038651aabdcf94bd0ac7ff06c7248db18c600'
[    2.776346] NET: Registered PF_QIPCRTR protocol family
[    3.109075] scsi 0:0:0:0: CD-ROM            QEMU     QEMU CD-ROM      2.5+ PQ: 0 ANSI: 5
[    3.111173] sr 0:0:0:0: [sr0] scsi3-mmc drive: 16x/50x cd/rw xa/form2 cdda tray
[    3.111178] cdrom: Uniform CD-ROM driver Revision: 3.20
[    3.113348] sr 0:0:0:0: Attached scsi CD-ROM sr0
[    3.113517] sr 0:0:0:0: Attached scsi generic sg0 type 5
[    3.793448] loop8: detected capacity change from 0 to 8
[    4.331546] overlayfs: missing 'lowerdir'
[    6.786707] kauditd_printk_skb: 152 callbacks suppressed
[    6.786711] audit: type=1400 audit(1741128501.791:163): apparmor="DENIED" operation="ptrace" class="ptrace" profile="snap.docker.dockerd" pid=1318 comm="ps" requested_mask="read" denied_mask="read" peer="rsyslogd"
[    6.786899] audit: type=1400 audit(1741128501.791:164): apparmor="DENIED" operation="ptrace" class="ptrace" profile="snap.docker.dockerd" pid=1318 comm="ps" requested_mask="read" denied_mask="read" peer="/usr/sbin/cupsd"
[    6.836178] audit: type=1400 audit(1741128501.839:165): apparmor="STATUS" operation="profile_load" profile="snap.docker.dockerd" name="docker-default" pid=1320 comm="apparmor_parser"
[    6.853390] evm: overlay not supported
[    6.941116] Initializing XFRM netlink socket
[   28.269476] loop8: detected capacity change from 0 to 237096
[   28.792753] audit: type=1400 audit(1741128523.665:166): apparmor="STATUS" operation="profile_replace" info="same as current profile, skipping" profile="unconfined" name="/snap/snapd/23546/usr/lib/snapd/snap-confine" pid=1789 comm="apparmor_parser"
[   28.792758] audit: type=1400 audit(1741128523.665:167): apparmor="STATUS" operation="profile_replace" info="same as current profile, skipping" profile="unconfined" name="/snap/snapd/23546/usr/lib/snapd/snap-confine//mount-namespace-capture-helper" pid=1789 comm="apparmor_parser"
[   28.800633] audit: type=1400 audit(1741128523.673:168): apparmor="STATUS" operation="profile_replace" profile="unconfined" name="snap-update-ns.docker" pid=1791 comm="apparmor_parser"
[   28.856457] audit: type=1400 audit(1741128523.729:169): apparmor="STATUS" operation="profile_replace" profile="unconfined" name="snap.docker.compose" pid=1792 comm="apparmor_parser"
[   28.863311] audit: type=1400 audit(1741128523.735:170): apparmor="STATUS" operation="profile_replace" profile="unconfined" name="snap.docker.docker" pid=1793 comm="apparmor_parser"
[   28.912072] audit: type=1400 audit(1741128523.784:171): apparmor="STATUS" operation="profile_replace" profile="unconfined" name="snap.docker.help" pid=1795 comm="apparmor_parser"
[   28.961728] audit: type=1400 audit(1741128523.834:172): apparmor="STATUS" operation="profile_replace" profile="unconfined" name="snap.docker.hook.configure" pid=1796 comm="apparmor_parser"
[   28.973683] audit: type=1400 audit(1741128523.846:173): apparmor="STATUS" operation="profile_replace" info="same as current profile, skipping" profile="unconfined" name="snap.docker.dockerd" pid=1794 comm="apparmor_parser"
[   29.013355] audit: type=1400 audit(1741128523.885:174): apparmor="STATUS" operation="profile_replace" profile="unconfined" name="snap.docker.hook.connect-plug-graphics-core22" pid=1797 comm="apparmor_parser"
[   29.023282] audit: type=1400 audit(1741128523.895:175): apparmor="STATUS" operation="profile_replace" profile="unconfined" name="snap.docker.hook.install" pid=1798 comm="apparmor_parser"
[   29.539694] overlayfs: missing 'lowerdir'
[  122.892979] netfs: FS-Cache loaded
[  122.897642] 9p: Installing v9fs 9p2000 file system support
[  134.719719] rfkill: input handler disabled
[  134.990083] input: spice vdagent tablet as /devices/virtual/input/input4
[  135.881320] input: spice vdagent tablet as /devices/virtual/input/input5
[  136.951151] input: spice vdagent tablet as /devices/virtual/input/input6
[  155.649071] systemd-journald[329]: /var/log/journal/7b6d7482852546d58b36c74c90053630/user-1000.journal: Journal file uses a different sequence number ID, rotating.
[  155.714135] rfkill: input handler enabled
[  156.586782] rfkill: input handler disabled
[  157.454011] input: spice vdagent tablet as /devices/virtual/input/input7
[  407.045749] input: spice vdagent tablet as /devices/virtual/input/input8
[  896.769636] hello: loading out-of-tree module taints kernel.
[  896.769678] hello: module verification failed: signature and/or required key missing - tainting kernel
[  896.770924] Hello, Joseph Rissman!
[ 1145.625507] Goodbye, Joseph Rissman!
