execve("/usr/bin/python3", ["python3", "./hellopy.py"], 0xffffdf209308 /* 49 vars */) = 0
mmap(NULL, 8192, PROT_READ|PROT_WRITE, MAP_PRIVATE|MAP_ANONYMOUS, -1, 0) = 0xf93c1e4d3000
openat(AT_FDCWD, "/etc/ld.so.cache", O_RDONLY|O_CLOEXEC) = 3
mmap(NULL, 64815, PROT_READ, MAP_PRIVATE, 3, 0) = 0xf93c1e4c3000
close(3)                                = 0
openat(AT_FDCWD, "/lib/aarch64-linux-gnu/libm.so.6", O_RDONLY|O_CLOEXEC) = 3
read(3, "\177ELF\2\1\1\0\0\0\0\0\0\0\0\0\3\0\267\0\1\0\0\0\0\0\0\0\0\0\0\0"..., 832) = 832
mmap(NULL, 720920, PROT_NONE, MAP_PRIVATE|MAP_ANONYMOUS|MAP_DENYWRITE, -1, 0) = 0xf93c1e3e9000
mmap(0xf93c1e3f0000, 655384, PROT_READ|PROT_EXEC, MAP_PRIVATE|MAP_FIXED|MAP_DENYWRITE, 3, 0) = 0xf93c1e3f0000
mmap(0xf93c1e48f000, 8192, PROT_READ|PROT_WRITE, MAP_PRIVATE|MAP_FIXED|MAP_DENYWRITE, 3, 0x8f000) = 0xf93c1e48f000
close(3)                                = 0
openat(AT_FDCWD, "/lib/aarch64-linux-gnu/libz.so.1", O_RDONLY|O_CLOEXEC) = 3
read(3, "\177ELF\2\1\1\0\0\0\0\0\0\0\0\0\3\0\267\0\1\0\0\0\0\0\0\0\0\0\0\0"..., 832) = 832
mmap(NULL, 262312, PROT_NONE, MAP_PRIVATE|MAP_ANONYMOUS|MAP_DENYWRITE, -1, 0) = 0xf93c1e3af000
mmap(0xf93c1e3b0000, 196776, PROT_READ|PROT_EXEC, MAP_PRIVATE|MAP_FIXED|MAP_DENYWRITE, 3, 0) = 0xf93c1e3b0000
mmap(0xf93c1e3df000, 8192, PROT_READ|PROT_WRITE, MAP_PRIVATE|MAP_FIXED|MAP_DENYWRITE, 3, 0x1f000) = 0xf93c1e3df000
close(3)                                = 0
openat(AT_FDCWD, "/lib/aarch64-linux-gnu/libexpat.so.1", O_RDONLY|O_CLOEXEC) = 3
read(3, "\177ELF\2\1\1\0\0\0\0\0\0\0\0\0\3\0\267\0\1\0\0\0\0\0\0\0\0\0\0\0"..., 832) = 832
mmap(NULL, 327832, PROT_NONE, MAP_PRIVATE|MAP_ANONYMOUS|MAP_DENYWRITE, -1, 0) = 0xf93c1e35f000
mmap(0xf93c1e360000, 262296, PROT_READ|PROT_EXEC, MAP_PRIVATE|MAP_FIXED|MAP_DENYWRITE, 3, 0) = 0xf93c1e360000
mmap(0xf93c1e39e000, 12288, PROT_READ|PROT_WRITE, MAP_PRIVATE|MAP_FIXED|MAP_DENYWRITE, 3, 0x2e000) = 0xf93c1e39e000
close(3)                                = 0
openat(AT_FDCWD, "/lib/aarch64-linux-gnu/libc.so.6", O_RDONLY|O_CLOEXEC) = 3
read(3, "\177ELF\2\1\1\3\0\0\0\0\0\0\0\0\3\0\267\0\1\0\0\0\360\206\2\0\0\0\0\0"..., 832) = 832
mmap(NULL, 1892240, PROT_NONE, MAP_PRIVATE|MAP_ANONYMOUS|MAP_DENYWRITE, -1, 0) = 0xf93c1e192000
mmap(0xf93c1e1a0000, 1826704, PROT_READ|PROT_EXEC, MAP_PRIVATE|MAP_FIXED|MAP_DENYWRITE, 3, 0) = 0xf93c1e1a0000
mmap(0xf93c1e34d000, 20480, PROT_READ|PROT_WRITE, MAP_PRIVATE|MAP_FIXED|MAP_DENYWRITE, 3, 0x19d000) = 0xf93c1e34d000
mmap(0xf93c1e352000, 49040, PROT_READ|PROT_WRITE, MAP_PRIVATE|MAP_FIXED|MAP_ANONYMOUS, -1, 0) = 0xf93c1e352000
close(3)                                = 0
mmap(NULL, 8192, PROT_READ|PROT_WRITE, MAP_PRIVATE|MAP_ANONYMOUS, -1, 0) = 0xf93c1e4c1000
openat(AT_FDCWD, "/usr/lib/locale/locale-archive", O_RDONLY|O_CLOEXEC) = 3
mmap(NULL, 3055776, PROT_READ, MAP_PRIVATE, 3, 0) = 0xf93c1de00000
close(3)                                = 0
openat(AT_FDCWD, "/usr/lib/aarch64-linux-gnu/gconv/gconv-modules.cache", O_RDONLY|O_CLOEXEC) = 3
mmap(NULL, 27028, PROT_READ, MAP_SHARED, 3, 0) = 0xf93c1e4cc000
close(3)                                = 0
mmap(NULL, 1048576, PROT_READ|PROT_WRITE, MAP_PRIVATE|MAP_ANONYMOUS, -1, 0) = 0xf93c1dd00000
mmap(NULL, 266240, PROT_READ|PROT_WRITE, MAP_PRIVATE|MAP_ANONYMOUS, -1, 0) = 0xf93c1e15f000
mmap(NULL, 135168, PROT_READ|PROT_WRITE, MAP_PRIVATE|MAP_ANONYMOUS, -1, 0) = 0xf93c1e13e000
mmap(NULL, 16384, PROT_READ|PROT_WRITE, MAP_PRIVATE|MAP_ANONYMOUS, -1, 0) = 0xf93c1e4c8000
openat(AT_FDCWD, "/usr/pyvenv.cfg", O_RDONLY) = -1 ENOENT (No such file or directory)
openat(AT_FDCWD, "/usr/bin/pyvenv.cfg", O_RDONLY) = -1 ENOENT (No such file or directory)
openat(AT_FDCWD, "/usr/bin/python3._pth", O_RDONLY) = -1 ENOENT (No such file or directory)
openat(AT_FDCWD, "/usr/bin/python3.12._pth", O_RDONLY) = -1 ENOENT (No such file or directory)
openat(AT_FDCWD, "/usr/bin/pybuilddir.txt", O_RDONLY) = -1 ENOENT (No such file or directory)
openat(AT_FDCWD, "/etc/localtime", O_RDONLY|O_CLOEXEC) = 3
read(3, "TZif2\0\0\0\0\0\0\0\0\0\0\0\0\0\0\0\0\0\0\0\0\0\0\0\0\0\0\0"..., 4096) = 114
read(3, "TZif2\0\0\0\0\0\0\0\0\0\0\0\0\0\0\0\0\0\0\0\0\0\0\0\0\0\0\0"..., 4096) = 60
close(3)                                = 0
openat(AT_FDCWD, "/usr/lib/python3.12", O_RDONLY|O_NONBLOCK|O_CLOEXEC|O_DIRECTORY) = 3
close(3)                                = 0
openat(AT_FDCWD, "/usr/lib/python3.12/encodings/__pycache__/__init__.cpython-312.pyc", O_RDONLY|O_CLOEXEC) = 3
read(3, "\313\r\r\n\0\0\0\0\204\233\212g\374\26\0\0\343\0\0\0\0\0\0\0\0\0\0\0\0\6\0\0"..., 5791) = 5790
read(3, "", 1)                          = 0
close(3)                                = 0
openat(AT_FDCWD, "/usr/lib/python3.12/encodings", O_RDONLY|O_NONBLOCK|O_CLOEXEC|O_DIRECTORY) = 3
close(3)                                = 0
openat(AT_FDCWD, "/usr/lib/python3.12/encodings/__pycache__/aliases.cpython-312.pyc", O_RDONLY|O_CLOEXEC) = 3
read(3, "\313\r\r\n\0\0\0\0\204\233\212g==\0\0\343\0\0\0\0\0\0\0\0\0\0\0\0\5\0\0"..., 12409) = 12408
read(3, "", 1)                          = 0
close(3)                                = 0
openat(AT_FDCWD, "/usr/lib/python3.12/encodings/__pycache__/utf_8.cpython-312.pyc", O_RDONLY|O_CLOEXEC) = 3
read(3, "\313\r\r\n\0\0\0\0\204\233\212g\355\3\0\0\343\0\0\0\0\0\0\0\0\0\0\0\0\5\0\0"..., 2148) = 2147
read(3, "", 1)                          = 0
close(3)                                = 0
mmap(NULL, 1048576, PROT_READ|PROT_WRITE, MAP_PRIVATE|MAP_ANONYMOUS, -1, 0) = 0xf93c1dc00000
openat(AT_FDCWD, "/usr/local/lib/python3.12/dist-packages", O_RDONLY|O_NONBLOCK|O_CLOEXEC|O_DIRECTORY) = 3
close(3)                                = 0
openat(AT_FDCWD, "/usr/lib/python3/dist-packages", O_RDONLY|O_NONBLOCK|O_CLOEXEC|O_DIRECTORY) = 3
close(3)                                = 0
openat(AT_FDCWD, "/usr/lib/python3/dist-packages/distutils-precedence.pth", O_RDONLY|O_CLOEXEC) = 3
read(3, "import os; var = 'SETUPTOOLS_USE"..., 8192) = 151
openat(AT_FDCWD, "/usr/lib/python3.12/lib-dynload", O_RDONLY|O_NONBLOCK|O_CLOEXEC|O_DIRECTORY) = 4
close(4)                                = 0
openat(AT_FDCWD, "/usr/local/lib/python3.12/dist-packages", O_RDONLY|O_NONBLOCK|O_CLOEXEC|O_DIRECTORY) = 4
close(4)                                = 0
openat(AT_FDCWD, "/usr/lib/python3/dist-packages", O_RDONLY|O_NONBLOCK|O_CLOEXEC|O_DIRECTORY) = 4
close(4)                                = 0
openat(AT_FDCWD, "/usr/lib/python3/dist-packages/_distutils_hack/__pycache__/__init__.cpython-312.pyc", O_RDONLY|O_CLOEXEC) = 4
read(4, "\313\r\r\n\0\0\0\0\n_\337d\233\30\0\0\343\0\0\0\0\0\0\0\0\0\0\0\0\6\0\0"..., 9999) = 9998
read(4, "", 1)                          = 0
close(4)                                = 0
read(3, "", 8192)                       = 0
close(3)                                = 0
openat(AT_FDCWD, "/usr/lib/python3/dist-packages/zope.interface-6.1-nspkg.pth", O_RDONLY|O_CLOEXEC) = 3
read(3, "import sys, types, os;has_mfs = "..., 8192) = 529
openat(AT_FDCWD, "/usr/lib/python3.12/__pycache__/types.cpython-312.pyc", O_RDONLY|O_CLOEXEC) = 4
read(4, "\313\r\r\n\0\0\0\0\204\233\212g\361*\0\0\343\0\0\0\0\0\0\0\0\0\0\0\0\6\0\0"..., 14940) = 14939
read(4, "", 1)                          = 0
close(4)                                = 0
openat(AT_FDCWD, "/usr/lib/python3.12/importlib/__pycache__/__init__.cpython-312.pyc", O_RDONLY|O_CLOEXEC) = 4
read(4, "\313\r\r\n\0\0\0\0\204\233\212g\246\22\0\0\343\0\0\0\0\0\0\0\0\0\0\0\0\5\0\0"..., 4566) = 4565
read(4, "", 1)                          = 0
close(4)                                = 0
openat(AT_FDCWD, "/usr/lib/python3.12/__pycache__/warnings.cpython-312.pyc", O_RDONLY|O_CLOEXEC) = 4
read(4, "\313\r\r\n\0\0\0\0\204\233\212g\0U\0\0\343\0\0\0\0\0\0\0\0\0\0\0\0\6\0\0"..., 23793) = 23792
read(4, "", 1)                          = 0
close(4)                                = 0
openat(AT_FDCWD, "/usr/lib/python3.12/importlib", O_RDONLY|O_NONBLOCK|O_CLOEXEC|O_DIRECTORY) = 4
close(4)                                = 0
openat(AT_FDCWD, "/usr/lib/python3.12/importlib/__pycache__/_abc.cpython-312.pyc", O_RDONLY|O_CLOEXEC) = 4
read(4, "\313\r\r\n\0\0\0\0\204\233\212gJ\5\0\0\343\0\0\0\0\0\0\0\0\0\0\0\0\5\0\0"..., 1644) = 1643
read(4, "", 1)                          = 0
close(4)                                = 0
openat(AT_FDCWD, "/usr/lib/python3.12/__pycache__/threading.cpython-312.pyc", O_RDONLY|O_CLOEXEC) = 4
read(4, "\313\r\r\n\0\0\0\0\204\233\212g\333\352\0\0\343\0\0\0\0\0\0\0\0\0\0\0\0\5\0\0"..., 65347) = 65346
read(4, "", 1)                          = 0
close(4)                                = 0
openat(AT_FDCWD, "/usr/lib/python3.12/__pycache__/functools.cpython-312.pyc", O_RDONLY|O_CLOEXEC) = 4
read(4, "\313\r\r\n\0\0\0\0\204\233\212g\356\224\0\0\343\0\0\0\0\0\0\0\0\0\0\0\0\7\0\0"..., 40507) = 40506
read(4, "", 1)                          = 0
close(4)                                = 0
openat(AT_FDCWD, "/usr/lib/python3.12/collections/__pycache__/__init__.cpython-312.pyc", O_RDONLY|O_CLOEXEC) = 4
read(4, "\313\r\r\n\0\0\0\0\204\233\212g\232\314\0\0\343\0\0\0\0\0\0\0\0\0\0\0\0\5\0\0"..., 73090) = 73089
read(4, "", 1)                          = 0
close(4)                                = 0
openat(AT_FDCWD, "/usr/lib/python3.12/__pycache__/keyword.cpython-312.pyc", O_RDONLY|O_CLOEXEC) = 4
read(4, "\313\r\r\n\0\0\0\0\204\233\212g1\4\0\0\343\0\0\0\0\0\0\0\0\0\0\0\0\3\0\0"..., 1042) = 1041
read(4, "", 1)                          = 0
close(4)                                = 0
openat(AT_FDCWD, "/usr/lib/python3.12/__pycache__/operator.cpython-312.pyc", O_RDONLY|O_CLOEXEC) = 4
read(4, "\313\r\r\n\0\0\0\0\204\233\212g\325*\0\0\343\0\0\0\0\0\0\0\0\0\0\0\0\4\0\0"..., 17365) = 17364
read(4, "", 1)                          = 0
close(4)                                = 0
openat(AT_FDCWD, "/usr/lib/python3.12/__pycache__/reprlib.cpython-312.pyc", O_RDONLY|O_CLOEXEC) = 4
read(4, "\313\r\r\n\0\0\0\0\204\233\212g\251\31\0\0\343\0\0\0\0\0\0\0\0\0\0\0\0\4\0\0"..., 9910) = 9909
read(4, "", 1)                          = 0
close(4)                                = 0
openat(AT_FDCWD, "/usr/lib/python3.12/__pycache__/_weakrefset.cpython-312.pyc", O_RDONLY|O_CLOEXEC) = 4
read(4, "\313\r\r\n\0\0\0\0\204\233\212g\5\27\0\0\343\0\0\0\0\0\0\0\0\0\0\0\0\4\0\0"..., 11752) = 11751
read(4, "", 1)                          = 0
close(4)                                = 0
read(3, "", 8192)                       = 0
close(3)                                = 0
openat(AT_FDCWD, "/usr/lib/python3.12/__pycache__/sitecustomize.cpython-312.pyc", O_RDONLY|O_CLOEXEC) = 3
read(3, "\313\r\r\n\0\0\0\0\324w\252f\233\0\0\0\343\0\0\0\0\0\0\0\0\0\0\0\0\4\0\0"..., 301) = 300
read(3, "", 1)                          = 0
close(3)                                = 0
openat(AT_FDCWD, "/usr/lib/python3/dist-packages/__pycache__/apport_python_hook.cpython-312.pyc", O_RDONLY|O_CLOEXEC) = 3
read(3, "\313\r\r\n\0\0\0\0\247\22!f\367!\0\0\343\0\0\0\0\0\0\0\0\0\0\0\0\2\0\0"..., 8877) = 8876
read(3, "", 1)                          = 0
close(3)                                = 0
openat(AT_FDCWD, "/home/jirissman/hello_world_programs/./hellopy.py", O_RDONLY|O_CLOEXEC) = 3
read(3, "rint(\"Hello, World!\")\n", 4096) = 22
read(3, "print(\"Hello, World!\")\n", 24) = 23
read(3, "", 1)                          = 0
close(3)                                = 0
openat(AT_FDCWD, "/home/jirissman/hello_world_programs/./hellopy.py", O_RDONLY) = 3
read(3, "print(\"Hello, World!\")\n", 4096) = 23
read(3, "print(\"Hello, World!\")\n", 4096) = 23
read(3, "", 4096)                       = 0
close(3)                                = 0
write(1, "Hello, World!\n", 14)         = 14
+++ exited with 0 +++
