execve("/usr/bin/bash", ["bash", "./hellobash"], 0xffffe84abbc8 /* 49 vars */) = 0
mmap(NULL, 8192, PROT_READ|PROT_WRITE, MAP_PRIVATE|MAP_ANONYMOUS, -1, 0) = 0xf509f8f24000
openat(AT_FDCWD, "/etc/ld.so.cache", O_RDONLY|O_CLOEXEC) = 3
mmap(NULL, 64815, PROT_READ, MAP_PRIVATE, 3, 0) = 0xf509f8f14000
close(3)                                = 0
openat(AT_FDCWD, "/lib/aarch64-linux-gnu/libtinfo.so.6", O_RDONLY|O_CLOEXEC) = 3
read(3, "\177ELF\2\1\1\0\0\0\0\0\0\0\0\0\3\0\267\0\1\0\0\0\0\0\0\0\0\0\0\0"..., 832) = 832
mmap(NULL, 329928, PROT_NONE, MAP_PRIVATE|MAP_ANONYMOUS|MAP_DENYWRITE, -1, 0) = 0xf509f8e9a000
mmap(0xf509f8ea0000, 264392, PROT_READ|PROT_EXEC, MAP_PRIVATE|MAP_FIXED|MAP_DENYWRITE, 3, 0) = 0xf509f8ea0000
mmap(0xf509f8edc000, 20480, PROT_READ|PROT_WRITE, MAP_PRIVATE|MAP_FIXED|MAP_DENYWRITE, 3, 0x3c000) = 0xf509f8edc000
close(3)                                = 0
openat(AT_FDCWD, "/lib/aarch64-linux-gnu/libc.so.6", O_RDONLY|O_CLOEXEC) = 3
read(3, "\177ELF\2\1\1\3\0\0\0\0\0\0\0\0\3\0\267\0\1\0\0\0\360\206\2\0\0\0\0\0"..., 832) = 832
mmap(NULL, 1892240, PROT_NONE, MAP_PRIVATE|MAP_ANONYMOUS|MAP_DENYWRITE, -1, 0) = 0xf509f8cd2000
mmap(0xf509f8ce0000, 1826704, PROT_READ|PROT_EXEC, MAP_PRIVATE|MAP_FIXED|MAP_DENYWRITE, 3, 0) = 0xf509f8ce0000
mmap(0xf509f8e8d000, 20480, PROT_READ|PROT_WRITE, MAP_PRIVATE|MAP_FIXED|MAP_DENYWRITE, 3, 0x19d000) = 0xf509f8e8d000
mmap(0xf509f8e92000, 49040, PROT_READ|PROT_WRITE, MAP_PRIVATE|MAP_FIXED|MAP_ANONYMOUS, -1, 0) = 0xf509f8e92000
close(3)                                = 0
mmap(NULL, 8192, PROT_READ|PROT_WRITE, MAP_PRIVATE|MAP_ANONYMOUS, -1, 0) = 0xf509f8f12000
openat(AT_FDCWD, "/dev/tty", O_RDWR|O_NONBLOCK) = 3
close(3)                                = 0
openat(AT_FDCWD, "/usr/lib/locale/locale-archive", O_RDONLY|O_CLOEXEC) = 3
mmap(NULL, 3055776, PROT_READ, MAP_PRIVATE, 3, 0) = 0xf509f8800000
close(3)                                = 0
openat(AT_FDCWD, "/usr/lib/aarch64-linux-gnu/gconv/gconv-modules.cache", O_RDONLY|O_CLOEXEC) = 3
mmap(NULL, 27028, PROT_READ, MAP_SHARED, 3, 0) = 0xf509f8f1d000
close(3)                                = 0
openat(AT_FDCWD, "./hellobash", O_RDONLY) = 3
read(3, "printf \"Hello, World!\\n\"\n", 80) = 25
close(3)                                = 0
read(255, "printf \"Hello, World!\\n\"\n", 25) = 25
write(1, "Hello, World!\n", 14)         = 14
read(255, "", 25)                       = 0
+++ exited with 0 +++
